#-----------------------------------------------------------
# Vivado v2021.2 (64-bit)
# SW Build 3367213 on Tue Oct 19 02:47:39 MDT 2021
# IP Build 3369179 on Thu Oct 21 08:25:16 MDT 2021
# Start of session at: Thu Dec  2 08:41:59 2021
# Process ID: 611412
# Current directory: /home/ugt-build/bergauer/github/cms-l1-globaltrigger/mp7_ugt_legacy/firmware/ngc/managed_ip_project/managed_ip_project.runs/rom_lut_muon_inv_dr_sq_5_synth_1
# Command line: vivado -log rom_lut_muon_inv_dr_sq_5.vds -product Vivado -mode batch -messageDb vivado.pb -notrace -source rom_lut_muon_inv_dr_sq_5.tcl
# Log file: /home/ugt-build/bergauer/github/cms-l1-globaltrigger/mp7_ugt_legacy/firmware/ngc/managed_ip_project/managed_ip_project.runs/rom_lut_muon_inv_dr_sq_5_synth_1/rom_lut_muon_inv_dr_sq_5.vds
# Journal file: /home/ugt-build/bergauer/github/cms-l1-globaltrigger/mp7_ugt_legacy/firmware/ngc/managed_ip_project/managed_ip_project.runs/rom_lut_muon_inv_dr_sq_5_synth_1/vivado.jou
# Running On: srv-b1b07-10-01.cern.ch, OS: Linux, CPU Frequency: 3400.000 MHz, CPU Physical cores: 32, Host memory: 134830 MB
#-----------------------------------------------------------
source rom_lut_muon_inv_dr_sq_5.tcl -notrace
